******************************************************************************
TMS320C1x/C2x/C2xx/C5x COFF Linker           Version 7.00                   
******************************************************************************
>> Linked Sun Jun 24 17:49:54 2001

OUTPUT FILE NAME:   <FILT.OUT>
ENTRY POINT SYMBOL: "_c_int0"  address: 00003d7b


MEMORY CONFIGURATION

           name     origin    length      used    attributes    fill
         --------  --------  ---------  --------  ----------  --------
PAGE 0: VECS      00000000  000000040  00000040     RWIX      
         CODE      00000040  000005000  00004c25     RWIX      

PAGE 1: RAMB2     00000060  000000020  00000020     RWIX      
         RAMB0     00000200  000000100  00000100     RWIX      
         RAMB1     00000300  000000100  00000100     RWIX      
         RAMEX     00005040  000002fc0  00002e11     RWIX      


SECTION ALLOCATION MAP

 output                                  attributes/
section   page    origin      length       input sections
--------  ----  ----------  ----------   ----------------
vectors    0    00000000    00000040     
                  00000000    00000040     FILTASM.obj (vectors)

bank0      1    00000200    00000100     UNINITIALIZED
                  00000200    00000100     FILTASM.obj (bank0)

bank1      1    00000300    00000100     UNINITIALIZED
                  00000300    00000100     FILTASM.obj (bank1)

bank2      1    00000060    00000020     UNINITIALIZED
                  00000060    00000020     FILTASM.obj (bank2)

.text      0    00000040    00004496     
                  00000040    00000218     FILTASM.obj (.text)
                  00000258    00000000     RTS2XX.LIB : ctype.obj (.text)
                  00000258    00003b23     FILT.obj (.text)
                  00003d7b    00000027     RTS2XX.LIB : boot.obj (.text)
                  00003da2    000000b4                : f_add.obj (.text)
                  00003e56    00000055                : f_cmp.obj (.text)
                  00003eab    000000a4                : f_div.obj (.text)
                  00003f4f    00000001                : f_error.obj (.text)
                  00003f50    00000041                : f_ftoi.obj (.text)
                  00003f91    00000053                : f_ftol.obj (.text)
                  00003fe4    00000024                : f_itof.obj (.text)
                  00004008    00000031                : f_ltof.obj (.text)
                  00004039    0000007c                : f_mul.obj (.text)
                  000040b5    00000008                : f_neg.obj (.text)
                  000040bd    0000000d                : f_sub.obj (.text)
                  000040ca    000000ea                : ldiv.obj (.text)
                  000041b4    0000000c                : lmpy.obj (.text)
                  000041c0    000000f1                : cos.obj (.text)
                  000042b1    0000004e                : exit.obj (.text)
                  000042ff    0000000e                : fabs.obj (.text)
                  0000430d    00000011                : isalpha.obj (.text)
                  0000431e    00000011                : isdigit.obj (.text)
                  0000432f    00000032                : rand.obj (.text)
                  00004361    000000fe                : sin.obj (.text)
                  0000445f    00000019                : strlen.obj (.text)
                  00004478    00000043                : strncmp.obj (.text)
                  000044bb    0000001b                : tolower.obj (.text)

.cinit     0    000044d6    00000257     
                  000044d6    00000149     FILT.obj (.cinit)
                  0000461f    00000006     RTS2XX.LIB : exit.obj (.cinit)
                  00004625    00000004                : rand.obj (.cinit)
                  00004629    00000103                : ctype.obj (.cinit)
                  0000472c    00000001     --HOLE-- [fill = 0000]

.const     0    00004780    000004f4     
                  00004780    000004f4     FILT.obj (.const)

.switch    0    0000472d    00000044     
                  0000472d    00000044     FILT.obj (.switch)

.data      1    00005040    00000000     UNINITIALIZED
                  00005040    00000000     FILTASM.obj (.data)
                  00005040    00000000     RTS2XX.LIB : ctype.obj (.data)
                  00005040    00000000                : tolower.obj (.data)
                  00005040    00000000                : strncmp.obj (.data)
                  00005040    00000000                : strlen.obj (.data)
                  00005040    00000000                : sin.obj (.data)
                  00005040    00000000                : rand.obj (.data)
                  00005040    00000000                : isdigit.obj (.data)
                  00005040    00000000                : isalpha.obj (.data)
                  00005040    00000000                : fabs.obj (.data)
                  00005040    00000000                : exit.obj (.data)
                  00005040    00000000                : cos.obj (.data)
                  00005040    00000000                : lmpy.obj (.data)
                  00005040    00000000                : ldiv.obj (.data)
                  00005040    00000000                : f_sub.obj (.data)
                  00005040    00000000                : f_neg.obj (.data)
                  00005040    00000000                : f_mul.obj (.data)
                  00005040    00000000                : f_ltof.obj (.data)
                  00005040    00000000                : f_itof.obj (.data)
                  00005040    00000000                : f_ftol.obj (.data)
                  00005040    00000000                : f_ftoi.obj (.data)
                  00005040    00000000                : f_error.obj (.data)
                  00005040    00000000                : f_div.obj (.data)
                  00005040    00000000                : f_cmp.obj (.data)
                  00005040    00000000                : f_add.obj (.data)
                  00005040    00000000                : boot.obj (.data)
                  00005040    00000000     FILT.obj (.data)

.bss       1    00005080    00002c81     UNINITIALIZED
                  00005080    00002b4c     FILT.obj (.bss)
                  00007bcc    00000000     RTS2XX.LIB : f_ltof.obj (.bss)
                  00007bcc    00000000                : f_itof.obj (.bss)
                  00007bcc    00000000                : f_ftol.obj (.bss)
                  00007bcc    00000000                : f_sub.obj (.bss)
                  00007bcc    00000000                : f_neg.obj (.bss)
                  00007bcc    00000000                : f_mul.obj (.bss)
                  00007bcc    00000000                : f_ftoi.obj (.bss)
                  00007bcc    00000000                : f_add.obj (.bss)
                  00007bcc    00000000                : boot.obj (.bss)
                  00007bcc    00000000     FILTASM.obj (.bss)
                  00007bcc    00000000     RTS2XX.LIB : f_error.obj (.bss)
                  00007bcc    00000000                : f_div.obj (.bss)
                  00007bcc    00000000                : f_cmp.obj (.bss)
                  00007bcc    00000000                : isdigit.obj (.bss)
                  00007bcc    00000000                : isalpha.obj (.bss)
                  00007bcc    00000000                : strncmp.obj (.bss)
                  00007bcc    00000000                : strlen.obj (.bss)
                  00007bcc    00000000                : sin.obj (.bss)
                  00007bcc    00000000                : lmpy.obj (.bss)
                  00007bcc    00000000                : ldiv.obj (.bss)
                  00007bcc    00000000                : cos.obj (.bss)
                  00007bcc    00000000                : fabs.obj (.bss)
                  00007bcc    00000000                : tolower.obj (.bss)
                  00007bcc    00000022                : exit.obj (.bss)
                  00007bee    00000002                : rand.obj (.bss)
                  00007c00    00000101                : ctype.obj (.bss)

.stack     1    00007d01    00000190     UNINITIALIZED
                  00007d01    00000000     RTS2XX.LIB : boot.obj (.stack)

.sysmem    1    00005040    00000000     UNINITIALIZED


GLOBAL SYMBOLS

address  name                             address  name
-------- ----                             -------- ----
00005080 .bss                             00000040 .text
00005040 .data                            00000045 _boot2
00000040 .text                            00000063 _in_a
000042d7 C$$EXIT                          00000064 _in_b
00003da2 F$$ADD                           00000065 _in_error
00003e56 F$$COMPARE                       00000066 _in_error_stick
00003eab F$$DIV                           00000067 _in_digital
00003e99 F$$EQ                            00000068 _out_a
00003f50 F$$FTOI                          0000006a _out_b
00003f91 F$$FTOL                          0000006b _out_gain
00003ea5 F$$GE                            0000006c _out_atten
00003ea8 F$$GT                            0000006d _in_a_hold
00003fe4 F$$ITOF                          0000006e _in_b_hold
00003e9f F$$LE                            0000006f _out_a_hold
00004008 F$$LTOF                          00000070 _out_b_hold
00003ea2 F$$LT                            00000071 _t_reg_scale_a
00004039 F$$MUL                           00000072 _t_reg_scale_b
000040b5 F$$NEG                           00000073 _func_addr_a
00003e9c F$$NE                            00000074 _func_addr_b
000040bd F$$SUB                           00000075 _assembly_flag
00004030 F$$ULTOF                         00000076 _coef_ptr_a
000040ca L$$DIVS                          00000077 _coef_ptr_b
0000413c L$$DIVU                          00000078 _get_serial
00004105 L$$MODS                          00000078 _data_ptr_a
0000415c L$$MODU                          00000079 _data_ptr_b
000041b4 L$$MPY                           0000007a _orderm2_a
00000190 __STACK_SIZE                     0000007b _orderm2_b
00007bcd __cleanup_ptr                    0000007c _iosr_copy
00007c00 __ctypes_                        0000007d _k7f00h
000042f9 _abort                           0000007e _kf80fh
00002271 _add_sub_pow                     0000007f _kfff0h
0000018c _allpass_func_a                  00000185 _no_func_a
00000190 _allpass_func_b                  00000189 _no_func_b
000050b1 _aopt_a                          0000018c _allpass_func_a
000050b2 _aopt_b                          00000190 __STACK_SIZE
00000075 _assembly_flag                   00000190 _allpass_func_b
000042da _atexit                          00000197 _fir_15_a
00005084 _auto_vu_count                   000001a9 _fir_15_b
00001ed1 _beep                            000001be _fir_16_a
00000045 _boot2                           000001d0 _fir_16_b
00003d7b _c_int0                          000001e5 _notch_a
000050d2 _cascade_ch_a_b_text             00000200 _fir_coef
00005091 _ccw                             0000021c _notch_b
000050bf _check_sum                       00000258 _main
00000076 _coef_ptr_a                      00000300 _coefdata
00000077 _coef_ptr_b                      000003a0 _initialize
00000300 _coefdata                        000005d6 _init_params
00002ca3 _compute_fir                     00000674 _init_freq_params
000031fc _compute_notch                   000006ec _set_fsample
0000386e _convert_to_vu                   0000070d _reset_port
000041c0 _cos                             00000732 _sign_on
00005081 _cursor_flag                     000007b5 _parse_command
00005085 _cursor_pos_vu                   00001253 _txrxint_c
00005083 _cursor_pos                      000015cd _reset_lcd
00005090 _cw                              00001666 _disp_text
000050a8 _data_count                      000016f8 _disp_num
00000078 _data_ptr_a                      00001762 _num2string
00000079 _data_ptr_b                      000017e9 _write_lcd_inst
000018a1 _delta_t                         00001830 _write_lcd_data
000016f8 _disp_num                        00001876 _write_lcd_nibble
00001666 _disp_text                       000018a1 _delta_t
00005093 _down_turn_flag                  000018c6 _wait
000042b1 _exit                            00001912 _wait_n_samples
00003f4f _f$$error                        00001938 _prog_flash
000042ff _fabs                            00001bf6 _read_flash
00000197 _fir_15_a                        00001ce2 _valid_serial
000001a9 _fir_15_b                        00001d74 _update_disp_left
000001be _fir_16_a                        00001e4b _update_disp_right
000001d0 _fir_16_b                        00001ed1 _beep
00000200 _fir_coef                        00001f0f _store_all
00005095 _flag_options                    00001f4f _xmit
00005087 _flash_cursor_flag               00001f94 _param_struct_search
00005bcc _flash_data                      0000200f _string_compare
0000509e _flash_locked                    00002046 _inc_dec_param_ptr
000050bb _fsample                         0000223a _inc_dec_mod
00000073 _func_addr_a                     00002271 _add_sub_pow
00000074 _func_addr_b                     0000233f _update_dsp
000050a6 _func_addr_temp_a                00002ca3 _compute_fir
000050a7 _func_addr_temp_b                00003111 _load_userfir
000050f0 _func_text                       000031fc _compute_notch
00003628 _gain                            0000351e _set_all_gains
00000078 _get_serial                      00003628 _gain
000050af _gopt_a                          000037a4 _vu_update
000050b0 _gopt_b                          0000386e _convert_to_vu
000050ae _gray_code_old                   000038f2 _led_update
000050a4 _gray_code                       0000392d _store
000050a1 _greg_ptr                        00003b40 _recall
000050a2 _ifr_ptr                         00003d20 _record_bad
000050a0 _imr_ptr                         00003d7b _c_int0
00005098 _in_a_vu_level                   00003da2 F$$ADD
0000006d _in_a_hold                       00003e56 F$$COMPARE
00000063 _in_a                            00003e99 F$$EQ
0000006e _in_b_hold                       00003e9c F$$NE
00000064 _in_b                            00003e9f F$$LE
00005099 _in_b_vu_level                   00003ea2 F$$LT
00005134 _in_cal_levels                   00003ea5 F$$GE
00000067 _in_digital                      00003ea8 F$$GT
00000065 _in_error                        00003eab F$$DIV
00000066 _in_error_stick                  00003f4f _f$$error
0000223a _inc_dec_mod                     00003f50 F$$FTOI
00002046 _inc_dec_param_ptr               00003f91 F$$FTOL
0000508d _index_ab                        00003fe4 F$$ITOF
000050aa _index_ab_p                      00004008 F$$LTOF
00000674 _init_freq_params                00004030 F$$ULTOF
000005d6 _init_params                     00004039 F$$MUL
000050c7 _initialize_text                 000040b5 F$$NEG
000003a0 _initialize                      000040bd F$$SUB
000050d5 _inputsrc_text                   000040ca L$$DIVS
000050b4 _ioData                          00004105 L$$MODS
0000509d _iorder_old                      0000413c L$$DIVU
0000007c _iosr_copy                       0000415c L$$MODU
0000430d _isalpha                         000041b4 L$$MPY
0000431e _isdigit                         000041c0 _cos
0000007d _k7f00h                          000042b1 _exit
0000007e _kf80fh                          000042d7 C$$EXIT
0000007f _kfff0h                          000042da _atexit
00005096 _led_counter                     000042f9 _abort
000038f2 _led_update                      000042ff _fabs
00003111 _load_userfir                    0000430d _isalpha
00000258 _main                            0000431e _isdigit
000050cf _master_mode_text                0000432f _rand
0000509f _max_in_level                    00004353 _srand
000050b7 _max_value                       00004361 _sin
000050b5 _min_value                       0000445f _strlen
000050d8 _mode_text                       00004478 _strncmp
00000185 _no_func_a                       000044bb _tolower
00000189 _no_func_b                       000044d6 cinit
000001e5 _notch_a                         000044d6 etext
0000021c _notch_b                         00005040 .data
000050b3 _null_text                       00005040 edata
00001762 _num2string                      00005080 _params_changed_copy
0000007a _orderm2_a                       00005080 .bss
0000007b _orderm2_b                       00005081 _cursor_flag
00000068 _out_a                           00005082 _sw_down
0000006f _out_a_hold                      00005083 _cursor_pos
0000509a _out_a_vu_level                  00005084 _auto_vu_count
0000006c _out_atten                       00005085 _cursor_pos_vu
0000509b _out_b_vu_level                  00005086 _press_flag
0000006a _out_b                           00005087 _flash_cursor_flag
00000070 _out_b_hold                      00005088 _write_ptr
00005154 _out_cal                         00005089 _read_ptr
0000006b _out_gain                        0000508a _serial_error_flag
000050bd _p_long                          0000508b _params_changed
00005094 _p_state                         0000508c _param_ptr
000050c1 _p_sum                           0000508d _index_ab
000050ab _p_uint1                         0000508e _sw_pressed
000050ac _p_uint2                         0000508f _sw_released
0000508c _param_ptr                       00005090 _cw
000050e6 _param_ptr_end                   00005091 _ccw
000050dc _param_ptr_start                 00005092 _testcount
00005214 _param_struct                    00005093 _down_turn_flag
00001f94 _param_struct_search             00005094 _p_state
00005112 _parameter_str                   00005095 _flag_options
0000539e _params                          00005096 _led_counter
0000508b _params_changed                  00005097 _vu_counter
00005080 _params_changed_copy             00005098 _in_a_vu_level
000007b5 _parse_command                   00005099 _in_b_vu_level
000050a3 _port0_copy                      0000509a _out_a_vu_level
00005086 _press_flag                      0000509b _out_b_vu_level
00001938 _prog_flash                      0000509c _quietsn_flag
0000509c _quietsn_flag                    0000509d _iorder_old
0000432f _rand                            0000509e _flash_locked
00001bf6 _read_flash                      0000509f _max_in_level
00005089 _read_ptr                        000050a0 _imr_ptr
00003b40 _recall                          000050a1 _greg_ptr
000057b2 _record                          000050a2 _ifr_ptr
00003d20 _record_bad                      000050a3 _port0_copy
000015cd _reset_lcd                       000050a4 _gray_code
0000070d _reset_port                      000050a5 _sn_ok_flag
000050c9 _revertolevels_text              000050a6 _func_addr_temp_a
000050cc _samplerate_text                 000050a7 _func_addr_temp_b
000050c3 _scale_k_a                       000050a8 _data_count
000050c5 _scale_k_b                       000050a9 _sign_mult
0000508a _serial_error_flag               000050aa _index_ab_p
00005194 _serial_in_buf                   000050ab _p_uint1
000050b9 _serial_number                   000050ac _p_uint2
000050fa _serial_str                      000050ad _sw_down_old
0000351e _set_all_gains                   000050ae _gray_code_old
000006ec _set_fsample                     000050af _gopt_a
000050a9 _sign_mult                       000050b0 _gopt_b
00000732 _sign_on                         000050b1 _aopt_a
00004361 _sin                             000050b2 _aopt_b
000050a5 _sn_ok_flag                      000050b3 _null_text
00004353 _srand                           000050b4 _ioData
0000392d _store                           000050b5 _min_value
00001f0f _store_all                       000050b7 _max_value
0000200f _string_compare                  000050b9 _serial_number
0000445f _strlen                          000050bb _fsample
00004478 _strncmp                         000050bd _p_long
000050ad _sw_down_old                     000050bf _check_sum
00005082 _sw_down                         000050c1 _p_sum
0000508e _sw_pressed                      000050c3 _scale_k_a
0000508f _sw_released                     000050c5 _scale_k_b
00000071 _t_reg_scale_a                   000050c7 _initialize_text
00000072 _t_reg_scale_b                   000050c9 _revertolevels_text
00005092 _testcount                       000050cc _samplerate_text
000044bb _tolower                         000050cf _master_mode_text
00001253 _txrxint_c                       000050d2 _cascade_ch_a_b_text
00001d74 _update_disp_left                000050d5 _inputsrc_text
00001e4b _update_disp_right               000050d8 _mode_text
0000233f _update_dsp                      000050dc _param_ptr_start
00001ce2 _valid_serial                    000050e6 _param_ptr_end
00005123 _value_str                       000050f0 _func_text
00005105 _vu_chars                        000050fa _serial_str
00005097 _vu_counter                      00005105 _vu_chars
000037a4 _vu_update                       00005112 _parameter_str
000018c6 _wait                            00005123 _value_str
00001912 _wait_n_samples                  00005134 _in_cal_levels
0000529e _window                          00005154 _out_cal
00001830 _write_lcd_data                  00005194 _serial_in_buf
000017e9 _write_lcd_inst                  00005214 _param_struct
00001876 _write_lcd_nibble                0000529e _window
00005088 _write_ptr                       0000539e _params
00001f4f _xmit                            000057b2 _record
000044d6 cinit                            00005bcc _flash_data
00005040 edata                            00007bcd __cleanup_ptr
00007d01 end                              00007c00 __ctypes_
000044d6 etext                            00007d01 end
ffffffff pinit                            ffffffff pinit

[219 symbols]
