******************************************************************************
TMS320C1x/C2x/C2xx/C5x COFF Linker           Version 7.00                   
******************************************************************************
>> Linked Tue Jul 31 18:46:11 2001

OUTPUT FILE NAME:   <RECOVER.OUT>
ENTRY POINT SYMBOL: "_c_int0"  address: 00001598


MEMORY CONFIGURATION

           name     origin    length      used    attributes    fill
         --------  --------  ---------  --------  ----------  --------
PAGE 0: VECS      00000000  000000040  00000040     RWIX      
         CODE      00000040  000005000  00001e72     RWIX      

PAGE 1: RAMB2     00000060  000000020  00000020     RWIX      
         RAMB0     00000200  000000100  00000100     RWIX      
         RAMB1     00000300  000000100  00000100     RWIX      
         RAMEX     00005040  000002fc0  00002e11     RWIX      


SECTION ALLOCATION MAP

 output                                  attributes/
section   page    origin      length       input sections
--------  ----  ----------  ----------   ----------------
vectors    0    00000000    00000040     
                  00000000    00000040     FILTASM.obj (vectors)

bank0      1    00000200    00000100     UNINITIALIZED
                  00000200    00000100     FILTASM.obj (bank0)

bank1      1    00000300    00000100     UNINITIALIZED
                  00000300    00000100     FILTASM.obj (bank1)

bank2      1    00000060    00000020     UNINITIALIZED
                  00000060    00000020     FILTASM.obj (bank2)

.text      0    00000040    000017e1     
                  00000040    00000218     FILTASM.obj (.text)
                  00000258    00000000     RTS2XX.LIB : ctype.obj (.text)
                  00000258    00001340     FILT.obj (.text)
                  00001598    00000027     RTS2XX.LIB : boot.obj (.text)
                  000015bf    00000053                : f_ftol.obj (.text)
                  00001612    000000ea                : ldiv.obj (.text)
                  000016fc    0000000c                : lmpy.obj (.text)
                  00001708    0000004e                : exit.obj (.text)
                  00001756    00000011                : isalpha.obj (.text)
                  00001767    00000011                : isdigit.obj (.text)
                  00001778    00000032                : rand.obj (.text)
                  000017aa    00000019                : strlen.obj (.text)
                  000017c3    00000043                : strncmp.obj (.text)
                  00001806    0000001b                : tolower.obj (.text)

.cinit     0    00001821    00000257     
                  00001821    00000149     FILT.obj (.cinit)
                  0000196a    00000006     RTS2XX.LIB : exit.obj (.cinit)
                  00001970    00000004                : rand.obj (.cinit)
                  00001974    00000103                : ctype.obj (.cinit)
                  00001a77    00000001     --HOLE-- [fill = 0000]

.const     0    00001a78    0000043a     
                  00001a78    0000043a     FILT.obj (.const)

.switch    0    00000040    00000000     UNINITIALIZED

.data      1    00005040    00000000     UNINITIALIZED
                  00005040    00000000     FILTASM.obj (.data)
                  00005040    00000000     RTS2XX.LIB : ctype.obj (.data)
                  00005040    00000000                : tolower.obj (.data)
                  00005040    00000000                : strncmp.obj (.data)
                  00005040    00000000                : strlen.obj (.data)
                  00005040    00000000                : rand.obj (.data)
                  00005040    00000000                : isdigit.obj (.data)
                  00005040    00000000                : isalpha.obj (.data)
                  00005040    00000000                : exit.obj (.data)
                  00005040    00000000                : lmpy.obj (.data)
                  00005040    00000000                : ldiv.obj (.data)
                  00005040    00000000                : f_ftol.obj (.data)
                  00005040    00000000                : boot.obj (.data)
                  00005040    00000000     FILT.obj (.data)

.bss       1    00005080    00002c81     UNINITIALIZED
                  00005080    00002b4c     FILT.obj (.bss)
                  00007bcc    00000000     RTS2XX.LIB : boot.obj (.bss)
                  00007bcc    00000000                : isalpha.obj (.bss)
                  00007bcc    00000000                : lmpy.obj (.bss)
                  00007bcc    00000000                : f_ftol.obj (.bss)
                  00007bcc    00000000                : ldiv.obj (.bss)
                  00007bcc    00000000                : isdigit.obj (.bss)
                  00007bcc    00000000                : tolower.obj (.bss)
                  00007bcc    00000000     FILTASM.obj (.bss)
                  00007bcc    00000000     RTS2XX.LIB : strncmp.obj (.bss)
                  00007bcc    00000000                : strlen.obj (.bss)
                  00007bcc    00000022                : exit.obj (.bss)
                  00007bee    00000002                : rand.obj (.bss)
                  00007c00    00000101                : ctype.obj (.bss)

.stack     1    00007d01    00000190     UNINITIALIZED
                  00007d01    00000000     RTS2XX.LIB : boot.obj (.stack)

.sysmem    1    00005040    00000000     UNINITIALIZED


GLOBAL SYMBOLS

address  name                             address  name
-------- ----                             -------- ----
00005080 .bss                             00000040 .text
00005040 .data                            00000045 _boot2
00000040 .text                            00000063 _in_a
0000172e C$$EXIT                          00000064 _in_b
000015bf F$$FTOL                          00000065 _in_error
00001612 L$$DIVS                          00000066 _in_error_stick
00001684 L$$DIVU                          00000067 _in_digital
0000164d L$$MODS                          00000068 _out_a
000016a4 L$$MODU                          0000006a _out_b
000016fc L$$MPY                           0000006b _out_gain
00000190 __STACK_SIZE                     0000006c _out_atten
00007bcd __cleanup_ptr                    0000006d _in_a_hold
00007c00 __ctypes_                        0000006e _in_b_hold
00001750 _abort                           0000006f _out_a_hold
0000018c _allpass_func_a                  00000070 _out_b_hold
00000190 _allpass_func_b                  00000071 _t_reg_scale_a
000050ac _aopt_a                          00000072 _t_reg_scale_b
000050ad _aopt_b                          00000073 _func_addr_a
00000075 _assembly_flag                   00000074 _func_addr_b
00001731 _atexit                          00000075 _assembly_flag
00005083 _auto_vu_count                   00000076 _coef_ptr_a
00001556 _beep                            00000077 _coef_ptr_b
00000045 _boot2                           00000078 _data_ptr_a
00001598 _c_int0                          00000078 _get_serial
000050d5 _cascade_ch_a_b_text             00000079 _data_ptr_b
0000508d _ccw                             0000007a _orderm2_a
000050bf _check_sum                       0000007b _orderm2_b
00000076 _coef_ptr_a                      0000007c _iosr_copy
00000077 _coef_ptr_b                      0000007d _k7f00h
00000300 _coefdata                        0000007e _kf80fh
00005080 _cursor_flag                     0000007f _kfff0h
00005084 _cursor_pos_vu                   00000185 _no_func_a
00005082 _cursor_pos                      00000189 _no_func_b
0000508c _cw                              0000018c _allpass_func_a
000050a7 _data_count                      00000190 __STACK_SIZE
00000078 _data_ptr_a                      00000190 _allpass_func_b
00000079 _data_ptr_b                      00000197 _fir_15_a
00001071 _delta_t                         000001a9 _fir_15_b
00000ec8 _disp_num                        000001be _fir_16_a
00000e36 _disp_text                       000001d0 _fir_16_b
0000508f _down_turn_flag                  000001e5 _notch_a
00001708 _exit                            00000200 _fir_coef
00000197 _fir_15_a                        0000021c _notch_b
000001a9 _fir_15_b                        00000258 _main
000001be _fir_16_a                        00000300 _coefdata
000001d0 _fir_16_b                        00000312 _initialize
00000200 _fir_coef                        0000042b _init_params
00005092 _flag_options                    000004c9 _init_freq_params
00005086 _flash_cursor_flag               00000541 _set_fsample
00005bcc _flash_data                      00000562 _reset_port
0000509b _flash_locked                    00000587 _sign_on
000050bb _fsample                         000005f8 _parse_command
00000073 _func_addr_a                     00000d56 _txrxint_c
00000074 _func_addr_b                     00000d9d _reset_lcd
000050a5 _func_addr_temp_a                00000e36 _disp_text
000050a6 _func_addr_temp_b                00000ec8 _disp_num
000050e6 _func_text                       00000f32 _num2string
00000078 _get_serial                      00000fb9 _write_lcd_inst
000050af _gopt_a                          00001000 _write_lcd_data
000050b1 _gopt_b                          00001046 _write_lcd_nibble
000050a3 _gray_code                       00001071 _delta_t
000050ae _gray_code_old                   00001096 _wait
0000509f _greg_ptr                        000010e2 _wait_n_samples
000050a0 _ifr_ptr                         00001108 _prog_flash
0000509e _imr_ptr                         000013c6 _read_flash
0000006d _in_a_hold                       000014b2 _valid_serial
00005095 _in_a_vu_level                   00001544 _update_disp_left
00000063 _in_a                            0000154d _update_disp_right
00000064 _in_b                            00001556 _beep
0000006e _in_b_hold                       00001598 _c_int0
00005096 _in_b_vu_level                   000015bf F$$FTOL
00005134 _in_cal_levels                   00001612 L$$DIVS
00000067 _in_digital                      0000164d L$$MODS
00000065 _in_error                        00001684 L$$DIVU
00000066 _in_error_stick                  000016a4 L$$MODU
000050a9 _index_ab_p                      000016fc L$$MPY
000050a2 _index_ab                        00001708 _exit
000004c9 _init_freq_params                0000172e C$$EXIT
0000042b _init_params                     00001731 _atexit
000050c3 _initialize_text                 00001750 _abort
00000312 _initialize                      00001756 _isalpha
000050cf _inputsrc_text                   00001767 _isdigit
000050b4 _ioData                          00001778 _rand
0000509a _iorder_old                      0000179c _srand
0000007c _iosr_copy                       000017aa _strlen
00001756 _isalpha                         000017c3 _strncmp
00001767 _isdigit                         00001806 _tolower
0000007d _k7f00h                          00001821 etext
0000007e _kf80fh                          00001821 cinit
0000007f _kfff0h                          00005040 edata
00005093 _led_counter                     00005040 .data
00000258 _main                            00005080 _cursor_flag
000050d2 _master_mode_text                00005080 .bss
0000509d _max_in_level                    00005081 _sw_down
000050b7 _max_value                       00005082 _cursor_pos
000050b5 _min_value                       00005083 _auto_vu_count
000050d8 _mode_text                       00005084 _cursor_pos_vu
00000185 _no_func_a                       00005085 _press_flag
00000189 _no_func_b                       00005086 _flash_cursor_flag
000001e5 _notch_a                         00005087 _write_ptr
0000021c _notch_b                         00005088 _read_ptr
000050b2 _null_text                       00005089 _serial_error_flag
00000f32 _num2string                      0000508a _sw_pressed
0000007a _orderm2_a                       0000508b _sw_released
0000007b _orderm2_b                       0000508c _cw
00000068 _out_a                           0000508d _ccw
0000006f _out_a_hold                      0000508e _testcount
00005097 _out_a_vu_level                  0000508f _down_turn_flag
0000006c _out_atten                       00005090 _param_ptr
00000070 _out_b_hold                      00005091 _p_state
00005098 _out_b_vu_level                  00005092 _flag_options
0000006a _out_b                           00005093 _led_counter
00005154 _out_cal                         00005094 _vu_counter
0000006b _out_gain                        00005095 _in_a_vu_level
000050bd _p_long                          00005096 _in_b_vu_level
00005091 _p_state                         00005097 _out_a_vu_level
000050c1 _p_sum                           00005098 _out_b_vu_level
000050aa _p_uint1                         00005099 _quietsn_flag
000050ab _p_uint2                         0000509a _iorder_old
000050dc _param_ptr_end                   0000509b _flash_locked
000050f0 _param_ptr_start                 0000509c _params_changed
00005090 _param_ptr                       0000509d _max_in_level
00005214 _param_struct                    0000509e _imr_ptr
00005112 _parameter_str                   0000509f _greg_ptr
0000509c _params_changed                  000050a0 _ifr_ptr
000050b0 _params_changed_copy             000050a1 _port0_copy
0000539e _params                          000050a2 _index_ab
000005f8 _parse_command                   000050a3 _gray_code
000050a1 _port0_copy                      000050a4 _sn_ok_flag
00005085 _press_flag                      000050a5 _func_addr_temp_a
00001108 _prog_flash                      000050a6 _func_addr_temp_b
00005099 _quietsn_flag                    000050a7 _data_count
00001778 _rand                            000050a8 _sign_mult
000013c6 _read_flash                      000050a9 _index_ab_p
00005088 _read_ptr                        000050aa _p_uint1
000057b2 _record                          000050ab _p_uint2
00000d9d _reset_lcd                       000050ac _aopt_a
00000562 _reset_port                      000050ad _aopt_b
000050c9 _revertolevels_text              000050ae _gray_code_old
000050cc _samplerate_text                 000050af _gopt_a
000050c5 _scale_k_a                       000050b0 _params_changed_copy
000050c7 _scale_k_b                       000050b1 _gopt_b
00005089 _serial_error_flag               000050b2 _null_text
00005194 _serial_in_buf                   000050b3 _sw_down_old
000050b9 _serial_number                   000050b4 _ioData
000050fa _serial_str                      000050b5 _min_value
00000541 _set_fsample                     000050b7 _max_value
000050a8 _sign_mult                       000050b9 _serial_number
00000587 _sign_on                         000050bb _fsample
000050a4 _sn_ok_flag                      000050bd _p_long
0000179c _srand                           000050bf _check_sum
000017aa _strlen                          000050c1 _p_sum
000017c3 _strncmp                         000050c3 _initialize_text
00005081 _sw_down                         000050c5 _scale_k_a
000050b3 _sw_down_old                     000050c7 _scale_k_b
0000508a _sw_pressed                      000050c9 _revertolevels_text
0000508b _sw_released                     000050cc _samplerate_text
00000071 _t_reg_scale_a                   000050cf _inputsrc_text
00000072 _t_reg_scale_b                   000050d2 _master_mode_text
0000508e _testcount                       000050d5 _cascade_ch_a_b_text
00001806 _tolower                         000050d8 _mode_text
00000d56 _txrxint_c                       000050dc _param_ptr_end
00001544 _update_disp_left                000050e6 _func_text
0000154d _update_disp_right               000050f0 _param_ptr_start
000014b2 _valid_serial                    000050fa _serial_str
00005123 _value_str                       00005105 _vu_chars
00005105 _vu_chars                        00005112 _parameter_str
00005094 _vu_counter                      00005123 _value_str
00001096 _wait                            00005134 _in_cal_levels
000010e2 _wait_n_samples                  00005154 _out_cal
0000529e _window                          00005194 _serial_in_buf
00001000 _write_lcd_data                  00005214 _param_struct
00000fb9 _write_lcd_inst                  0000529e _window
00001046 _write_lcd_nibble                0000539e _params
00005087 _write_ptr                       000057b2 _record
00001821 cinit                            00005bcc _flash_data
00005040 edata                            00007bcd __cleanup_ptr
00007d01 end                              00007c00 __ctypes_
00001821 etext                            00007d01 end
ffffffff pinit                            ffffffff pinit

[180 symbols]
